     April 2024
Su Mo Tu We Th Fr Sa 
    1  2  3  4  5  6
 7  8  9 10 11 12 13
14 15 16 17 18 19 20
21 22 23 24 25 26 27
28 29 30

OOPS
     April 2024
Su Mo Tu We Th Fr Sa 
    1  2  3  4  5  6
 7  8  9 10 11 12 13
14 15 16 17 18 19 20
21 22 23 24 25 26 27
28 29 30

ls: invalid option -- -
Try `ls --help' for more information.
my-shell> my-shell> my-shell> my-shell> my-shell> my-shell> my-shell> 7 	 history &
6 	 ls -lf-l f-
5 	 sleep 1
4 	       cal &
3 	 echo OOPS
2 	 sleep 1
1 	 cal    &
my-shell> 