hello world!
ls: sosdoskls: No such file or directory
date: too many non-option arguments: nice ...
Try `date --help' for more information.
my-shell> my-shell> my-shell> my-shell> my-shell> 5 	 history &
4 	 date hi nice exit
3 	 sleep 1
2 	 ls sosdoskls &
1 	 echo hello world!
my-shell> 