SUCCESS
SUCCESS
SUCCESS
SUCCESS
SUCCESS
SUCCESS
SUCCESS
SUCCESS
SUCCESS
SUCCESS
SUCCESS
SUCCESS
SUCCESS
SUCCESS
SUCCESS
SUCCESS
SUCCESS
SUCCESS
SUCCESS
SUCCESS
SUCCESS - 3456
SUCCESS
SUCCESS - 4567
SUCCESS
SUCCESS
SUCCESS
SUCCESS
SUCCESS - 98?>
SUCCESS
SUCCESS - kjml
SUCCESS
SUCCESS
SUCCESS
SUCCESS
