4 8 9 14 16 19 22 26 27 28 31 34 36 38 41 43 44 47 48 49 50 51 53 54 55 56 58 61 63 64 65 67 68 69 72 73 76 80 81 82 85 87 88 93 95 96 97 98 99 
