unknown command
unknown command
unknown command
2 3 4 5 6 
